[webdesign-finder.com/demo/demos/politcom_html/index.html]
[backblue.gif]
[fade.gif]
[index.html]
[webdesign-finder.com/demo/demos/politcom_html/css/font-awesome.css]
[webdesign-finder.com/demo/demos/politcom_html/css/font-awesome4.7.css]
[webdesign-finder.com/demo/demos/politcom_html/images_small/intro_bg.jpg]
[webdesign-finder.com/demo/demos/politcom_html/images_small/logo.png]
[webdesign-finder.com/demo/demos/politcom_html/css/main.css]
[webdesign-finder.com/demo/demos/politcom_html/img/imac.png]
[webdesign-finder.com/demo/demos/politcom_html/images_small/1.jpg]
[webdesign-finder.com/demo/demos/politcom_html/images_small/2.jpg]
[webdesign-finder.com/demo/demos/politcom_html/images_small/3.jpg]
[webdesign-finder.com/demo/demos/politcom_html/images_small/4.jpg]
[webdesign-finder.com/demo/demos/politcom_html/icons/1.png]
[webdesign-finder.com/demo/demos/politcom_html/icons/2.png]
[webdesign-finder.com/demo/demos/politcom_html/icons/5.png]
[webdesign-finder.com/demo/demos/politcom_html/icons/6.png]
[webdesign-finder.com/demo/demos/politcom_html/icons/8.png]
[webdesign-finder.com/demo/demos/politcom_html/icons/9.png]
[webdesign-finder.com/demo/demos/politcom_html/icons/10.png]
[webdesign-finder.com/demo/demos/politcom_html/icons/11.png]
[webdesign-finder.com/demo/demos/politcom_html/icons/12.png]
[webdesign-finder.com/demo/demos/politcom_html/js/bootstrap.bundle.min.js]
[webdesign-finder.com/demo/demos/politcom_html/index.html]
[webdesign-finder.com/demo/demos/politcom_html/js/main.js]
[webdesign-finder.com/demo/demos/politcom_html/fonts/fontawesome-webfont3e6e.eot]
[webdesign-finder.com/demo/demos/politcom_html/fonts/fontawesome-webfontd41d.eot]
[webdesign-finder.com/demo/demos/politcom_html/js/compressed.js]
[webdesign-finder.com/demo/demos/politcom_html/fonts/fontawesome-webfont3e6e.svg]
[webdesign-finder.com/demo/demos/politcom_html/css/font-awesome.css]
[webdesign-finder.com/demo/demos/politcom_html/css/font-awesome4.7.css]
[webdesign-finder.com/demo/demos/politcom_html/fonts/flaticon/Flaticon.eot]
[webdesign-finder.com/demo/demos/politcom_html/fonts/flaticon/Flaticond41d.eot]
[webdesign-finder.com/demo/demos/politcom_html/fonts/flaticon/Flaticon.woff]
[webdesign-finder.com/demo/demos/politcom_html/fonts/flaticon/Flaticon.ttf]
[webdesign-finder.com/demo/demos/politcom_html/fonts/fontawesome-webfont3e6e.woff]
[webdesign-finder.com/demo/demos/politcom_html/fonts/flaticon/Flaticon.svg]
[webdesign-finder.com/demo/demos/politcom_html/fonts/fontawesome-webfont3e6e.ttf]
[webdesign-finder.com/demo/demos/politcom_html/images/play_3.png]
[webdesign-finder.com/demo/demos/politcom_html/img/owl.video.play.png]
[webdesign-finder.com/demo/demos/politcom_html/img/photoswipe/default-skin.png]
[webdesign-finder.com/demo/demos/politcom_html/img/photoswipe/default-skin.svg]
[webdesign-finder.com/demo/demos/politcom_html/img/photoswipe/preloader.gif]
[webdesign-finder.com/demo/demos/politcom_html/img/background-texture-cover.jpg]
[webdesign-finder.com/demo/demos/politcom_html/img/patterns/pattern12.png]
[webdesign-finder.com/demo/demos/politcom_html/img/preloader-img.png]
[webdesign-finder.com/demo/demos/politcom_html/img/patterns/pattern1.png]
[webdesign-finder.com/demo/demos/politcom_html/img/patterns/pattern2.png]
[webdesign-finder.com/demo/demos/politcom_html/img/patterns/pattern3.png]
[webdesign-finder.com/demo/demos/politcom_html/img/patterns/pattern4.png]
[webdesign-finder.com/demo/demos/politcom_html/img/patterns/pattern5.png]
[webdesign-finder.com/demo/demos/politcom_html/img/patterns/pattern6.png]
[webdesign-finder.com/demo/demos/politcom_html/img/patterns/pattern7.png]
[webdesign-finder.com/demo/demos/politcom_html/img/patterns/pattern8.png]
[webdesign-finder.com/demo/demos/politcom_html/img/patterns/pattern9.png]
[webdesign-finder.com/demo/demos/politcom_html/img/patterns/pattern10.png]
[webdesign-finder.com/demo/demos/politcom_html/img/patterns/pattern11.png]
[webdesign-finder.com/demo/demos/politcom_html/img/parallax/map-dark.jpg]
[webdesign-finder.com/demo/demos/politcom_html/img/parallax/map-light.jpg]
[webdesign-finder.com/demo/demos/politcom_html/img/parallax/light-abstract.jpg]
[webdesign-finder.com/demo/demos/politcom_html/img/parallax/light-wood.jpg]
[webdesign-finder.com/demo/demos/politcom_html/images/testimonials_bg.jpg]
[webdesign-finder.com/demo/demos/politcom_html/images/play.png]
[webdesign-finder.com/demo/demos/politcom_html/images/play_2.png]
[webdesign-finder.com/demo/demos/politcom_html/img/404.jpg]
[webdesign-finder.com/demo/demos/politcom_html/images/gallery/15.jpg]
[webdesign-finder.com/demo/demos/politcom_html/images/parallax/breadcrumbs.jpg]
[webdesign-finder.com/demo/demos/politcom_html/images/about_bg.jpg]
[webdesign-finder.com/demo/demos/politcom_html/images/about_bg_ch.jpg]
[webdesign-finder.com/demo/demos/politcom_html/images/parallax/consultation_bg.jpg]
[webdesign-finder.com/demo/demos/politcom_html/images/parallax/call_section_background.jpg]
[webdesign-finder.com/demo/demos/politcom_html/img/comingsoon.jpg]
[webdesign-finder.com/demo/demos/politcom_html/images/parallax/after-before-bg.jpg]
[webdesign-finder.com/demo/demos/politcom_html/images/play_4.png]
[webdesign-finder.com/demo/demos/politcom_html/images/parallax/team_bg.jpg]
[webdesign-finder.com/demo/demos/politcom_html/images/parallax/events_bg.jpg]
[webdesign-finder.com/demo/demos/politcom_html/images/upcoming_bg.jpg]
[webdesign-finder.com/demo/demos/politcom_html/images/upcoming_bg_ch.jpg]
[webdesign-finder.com/demo/demos/politcom_html/images/play_5.png]
[webdesign-finder.com/demo/demos/politcom_html/images/form_bg.jpg]
[webdesign-finder.com/demo/demos/politcom_html/images/form_bg_ch.jpg]
[webdesign-finder.com/demo/demos/politcom_html/images/parallax/flag_bg.jpg]
[webdesign-finder.com/demo/demos/politcom_html/images/parallax/hands_bg.jpg]
[webdesign-finder.com/demo/demos/politcom_html/images/parallax/church_bg.jpg]
[webdesign-finder.com/demo/demos/politcom_html/css/main.css]
[webdesign-finder.com/demo/demos/politcom_html/fonts/fontawesome-webfont3e6e.html]
[webdesign-finder.com/demo/demos/politcom_html/fonts/fontawesome-webfont3e6e.svg]
[webdesign-finder.com/demo/demos/politcom_html/fonts/flaticon/Flaticon.html]
[webdesign-finder.com/demo/demos/politcom_html/fonts/flaticon/Flaticond41d.html]
[webdesign-finder.com/demo/demos/politcom_html/fonts/flaticon/Flaticon-2.html]
[webdesign-finder.com/demo/demos/politcom_html/fonts/flaticon/Flaticon-3.html]
[webdesign-finder.com/demo/demos/politcom_html/fonts/flaticon/Flaticon-4.html]
[webdesign-finder.com/demo/demos/politcom_html/images/play_3.html]
[webdesign-finder.com/demo/demos/politcom_html/img/owl.video.play.html]
[webdesign-finder.com/demo/demos/politcom_html/img/photoswipe/default-skin.html]
[webdesign-finder.com/demo/demos/politcom_html/img/photoswipe/default-skin-2.html]
[webdesign-finder.com/demo/demos/politcom_html/img/photoswipe/preloader.html]
[webdesign-finder.com/demo/demos/politcom_html/img/background-texture-cover.html]
[webdesign-finder.com/demo/demos/politcom_html/img/patterns/pattern12.html]
[webdesign-finder.com/demo/demos/politcom_html/img/preloader-img.html]
[webdesign-finder.com/demo/demos/politcom_html/img/patterns/pattern1.html]
[webdesign-finder.com/demo/demos/politcom_html/img/patterns/pattern2.html]
[webdesign-finder.com/demo/demos/politcom_html/img/patterns/pattern3.html]
[webdesign-finder.com/demo/demos/politcom_html/img/patterns/pattern4.html]
[webdesign-finder.com/demo/demos/politcom_html/img/patterns/pattern5.html]
[webdesign-finder.com/demo/demos/politcom_html/img/patterns/pattern6.html]
[webdesign-finder.com/demo/demos/politcom_html/img/patterns/pattern7.html]
[webdesign-finder.com/demo/demos/politcom_html/img/patterns/pattern8.html]
[webdesign-finder.com/demo/demos/politcom_html/img/patterns/pattern9.html]
[webdesign-finder.com/demo/demos/politcom_html/img/patterns/pattern10.html]
[webdesign-finder.com/demo/demos/politcom_html/img/patterns/pattern11.html]
[webdesign-finder.com/demo/demos/politcom_html/img/parallax/map-dark.html]
[webdesign-finder.com/demo/demos/politcom_html/img/parallax/map-light.html]
[webdesign-finder.com/demo/demos/politcom_html/img/parallax/light-abstract.html]
[webdesign-finder.com/demo/demos/politcom_html/img/parallax/light-wood.html]
[webdesign-finder.com/demo/demos/politcom_html/images/testimonials_bg.html]
[webdesign-finder.com/demo/demos/politcom_html/images/play.html]
[webdesign-finder.com/demo/demos/politcom_html/images/play_2.html]
[webdesign-finder.com/demo/demos/politcom_html/img/404.html]
[webdesign-finder.com/demo/demos/politcom_html/images/gallery/15.html]
[webdesign-finder.com/demo/demos/politcom_html/images/parallax/breadcrumbs.html]
[webdesign-finder.com/demo/demos/politcom_html/images/about_bg.html]
[webdesign-finder.com/demo/demos/politcom_html/images/about_bg_ch.html]
[webdesign-finder.com/demo/demos/politcom_html/images/parallax/consultation_bg.html]
[webdesign-finder.com/demo/demos/politcom_html/images/parallax/call_section_background.html]
[webdesign-finder.com/demo/demos/politcom_html/img/comingsoon.html]
[webdesign-finder.com/demo/demos/politcom_html/images/parallax/after-before-bg.html]
[webdesign-finder.com/demo/demos/politcom_html/images/play_4.html]
[webdesign-finder.com/demo/demos/politcom_html/images/parallax/team_bg.html]
[webdesign-finder.com/demo/demos/politcom_html/images/parallax/events_bg.html]
[webdesign-finder.com/demo/demos/politcom_html/images/upcoming_bg.html]
[webdesign-finder.com/demo/demos/politcom_html/images/upcoming_bg_ch.html]
[webdesign-finder.com/demo/demos/politcom_html/images/play_5.html]
[webdesign-finder.com/demo/demos/politcom_html/images/form_bg.html]
[webdesign-finder.com/demo/demos/politcom_html/images/form_bg_ch.html]
[webdesign-finder.com/demo/demos/politcom_html/images/parallax/flag_bg.html]
[webdesign-finder.com/demo/demos/politcom_html/images/parallax/hands_bg.html]
[webdesign-finder.com/demo/demos/politcom_html/images/parallax/church_bg.html]
