[html.webinane.com/lifeline/index.html]
[backblue.gif]
[fade.gif]
[index.html]
[html.webinane.com/lifeline/css/bootstrap.css]
[html.webinane.com/lifeline/font-awesome/css/font-awesome.css]
[html.webinane.com/lifeline/css/icons.css]
[html.webinane.com/lifeline/css/style.css]
[html.webinane.com/lifeline/css/responsive.css]
[html.webinane.com/lifeline/layerslider/css/layerslider.css]
[html.webinane.com/lifeline/css/sea-green.css]
[html.webinane.com/lifeline/css/brown.css]
[html.webinane.com/lifeline/css/bright-red.css]
[html.webinane.com/lifeline/css/yellow.css]
[html.webinane.com/lifeline/css/green.css]
[html.webinane.com/lifeline/css/hunter-green.css]
[html.webinane.com/lifeline/css/light-pink.css]
[html.webinane.com/lifeline/css/orange.css]
[html.webinane.com/lifeline/css/pink.css]
[html.webinane.com/lifeline/css/red.css]
[html.webinane.com/lifeline/css/contact.css]
[html.webinane.com/lifeline/js/jquery-2.2.2.js]
[html.webinane.com/lifeline/js/bootstrap.js]
[html.webinane.com/lifeline/js/html5lightbox.js]
[html.webinane.com/lifeline/js/jquery.carouFredSel-6.2.1-packed.js]
[html.webinane.com/lifeline/js/jquery.jigowatt.js]
[html.webinane.com/lifeline/js/perfect-scrollbar.jquery.js]
[html.webinane.com/lifeline/js/perfect-scrollbar.js]
[html.webinane.com/lifeline/js/script.js]
[html.webinane.com/lifeline/js/styleswitcher.js]
[html.webinane.com/lifeline/js/jquery.flexslider.js]
[html.webinane.com/lifeline/js/jquery.mousewheel.js]
[html.webinane.com/lifeline/layerslider/js/greensock.js]
[html.webinane.com/lifeline/layerslider/js/layerslider.transitions.js]
[html.webinane.com/lifeline/layerslider/js/layerslider.kreaturamedia.jquery.js]
[html.webinane.com/lifeline/images/logo.png]
[html.webinane.com/lifeline/index-2.html]
[html.webinane.com/lifeline/index2.html]
[html.webinane.com/lifeline/index3.html]
[html.webinane.com/lifeline/index4.html]
[html.webinane.com/lifeline/index7.html]
[html.webinane.com/lifeline/index5.html]
[html.webinane.com/lifeline/index6.html]
[html.webinane.com/lifeline/index8.html]
[html.webinane.com/lifeline/index9.html]
[html.webinane.com/lifeline/index10.html]
[html.webinane.com/lifeline/index11.html]
[html.webinane.com/lifeline/index12.html]
[html.webinane.com/lifeline/index13.html]
[html.webinane.com/lifeline/index14.html]
[html.webinane.com/lifeline/index-with-imgcarousel.html]
[html.webinane.com/lifeline/index-with-text-carousel.html]
[html.webinane.com/lifeline/index-with-banner.html]
[html.webinane.com/lifeline/header1.html]
[html.webinane.com/lifeline/header2.html]
[html.webinane.com/lifeline/header3.html]
[html.webinane.com/lifeline/sticky-menu.html]
[html.webinane.com/lifeline/menu-below-slider.html]
[html.webinane.com/lifeline/middle-logo.html]
[html.webinane.com/lifeline/about.html]
[html.webinane.com/lifeline/contact.html]
[html.webinane.com/lifeline/profile-single-page.html]
[html.webinane.com/lifeline/events.html]
[html.webinane.com/lifeline/events-left-sidebar.html]
[html.webinane.com/lifeline/single-event-page.html]
[html.webinane.com/lifeline/successful-stories.html]
[html.webinane.com/lifeline/single-post-project2.html]
[html.webinane.com/lifeline/single-post-project.html]
[html.webinane.com/lifeline/services-single.html]
[html.webinane.com/lifeline/single-causes.html]
[html.webinane.com/lifeline/causes.html]
[html.webinane.com/lifeline/causes2.html]
[html.webinane.com/lifeline/causes3.html]
[html.webinane.com/lifeline/causes-with-sidebar.html]
[html.webinane.com/lifeline/missions.html]
[html.webinane.com/lifeline/news.html]
[html.webinane.com/lifeline/blog-with-sidebar.html]
[html.webinane.com/lifeline/404.html]
[html.webinane.com/lifeline/projects.html]
[html.webinane.com/lifeline/single-post-project-left-sidebar.html]
[html.webinane.com/lifeline/search-found.html]
[html.webinane.com/lifeline/nothing-found.html]
[html.webinane.com/lifeline/search-found-left-sidebar.html]
[html.webinane.com/lifeline/nothing-found-left-sidebar.html]
[html.webinane.com/lifeline/photography-demo-single.html]
[html.webinane.com/lifeline/photography-demo-detail.html]
[html.webinane.com/lifeline/cart.html]
[html.webinane.com/lifeline/cart-left-sidebar.html]
[html.webinane.com/lifeline/products.html]
[html.webinane.com/lifeline/products-left-sidebar.html]
[html.webinane.com/lifeline/checkout.html]
[html.webinane.com/lifeline/checkout-left-sidebar.html]
[html.webinane.com/lifeline/order-recieved.html]
[html.webinane.com/lifeline/order-recieved-left-sidebar.html]
[html.webinane.com/lifeline/single-product.html]
[html.webinane.com/lifeline/single-product-left-sidebar.html]
[html.webinane.com/lifeline/portfolio-2-column.html]
[html.webinane.com/lifeline/portfolio-3-column.html]
[html.webinane.com/lifeline/portfolio-4-column.html]
[html.webinane.com/lifeline/gallery-one-column.html]
[html.webinane.com/lifeline/gallery-two-column.html]
[html.webinane.com/lifeline/gallery-three-column.html]
[html.webinane.com/lifeline/gallery-four-column.html]
[html.webinane.com/lifeline/gallery-three-column-video.html]
[html.webinane.com/lifeline/gallery-three-column-video2.html]
[html.webinane.com/lifeline/gallery-two-column-video.html]
[html.webinane.com/lifeline/gallery-two-column-video2.html]
[html.webinane.com/lifeline/gallery-one-column-with-sidebar.html]
[html.webinane.com/lifeline/gallery-two-column-with-sidebar.html]
[html.webinane.com/lifeline/gallery-three-column-with-sidebar.html]
[html.webinane.com/lifeline/gallery-one-column-with-left-sidebar.html]
[html.webinane.com/lifeline/gallery-two-column-with-left-sidebar.html]
[html.webinane.com/lifeline/gallery-three-column-with-left-sidebar.html]
[html.webinane.com/lifeline/blog-without-sidebar.html]
[html.webinane.com/lifeline/blog-with-left-sidebar.html]
[html.webinane.com/lifeline/single-post-image.html]
[html.webinane.com/lifeline/single-post-video.html]
[html.webinane.com/lifeline/single-post-slider.html]
[html.webinane.com/lifeline/single-post-image-left-sidebar.html]
[html.webinane.com/lifeline/single-post-video-left-sidebar.html]
[html.webinane.com/lifeline/single-post-slider-left-sidebar.html]
[html.webinane.com/lifeline/elements.html]
[html.webinane.com/lifeline/light-footer.html]
[html.webinane.com/lifeline/title-style.html]
[html.webinane.com/lifeline/images/responsivelogo.png]
[html.webinane.com/lifeline/images/slider1.jpg]
[html.webinane.com/lifeline/images/slider1-img2.png]
[html.webinane.com/lifeline/images/slider2.jpg]
[html.webinane.com/lifeline/images/slider3.jpg]
[html.webinane.com/lifeline/images/slider4.jpg]
[html.webinane.com/lifeline/images/slider5.jpg]
[html.webinane.com/lifeline/images/slider5-bg.png]
[html.webinane.com/lifeline/images/slider6.jpg]
[html.webinane.com/lifeline/images/slide6-icon.png]
[html.webinane.com/lifeline/images/our-causes1.jpg]
[html.webinane.com/lifeline/images/our-causes2.jpg]
[html.webinane.com/lifeline/images/our-causes3.jpg]
[html.webinane.com/lifeline/images/pattern2.png]
[html.webinane.com/lifeline/images/testimonials1.jpg]
[html.webinane.com/lifeline/images/testimonials2.jpg]
[html.webinane.com/lifeline/images/testimonials3.jpg]
[html.webinane.com/lifeline/images/recent-news1.jpg]
[html.webinane.com/lifeline/images/recent-news2.jpg]
[html.webinane.com/lifeline/images/recent-news3.jpg]
[html.webinane.com/lifeline/images/recent-news1-thumb.jpg]
[html.webinane.com/lifeline/images/recent-news2-thumb.jpg]
[html.webinane.com/lifeline/images/recent-news3-thumb.jpg]
[html.webinane.com/lifeline/images/flickr1.jpg]
[html.webinane.com/lifeline/images/flickr2.jpg]
[html.webinane.com/lifeline/images/flickr3.jpg]
[html.webinane.com/lifeline/images/flickr4.jpg]
[html.webinane.com/lifeline/images/flickr5.jpg]
[html.webinane.com/lifeline/images/flickr6.jpg]
[html.webinane.com/lifeline/images/flickr7.jpg]
[html.webinane.com/lifeline/images/flickr8.jpg]
[html.webinane.com/lifeline/images/flickr9.jpg]
[html.webinane.com/lifeline/images/rss.jpg]
[html.webinane.com/lifeline/images/facebook.jpg]
[html.webinane.com/lifeline/images/gplus.jpg]
[html.webinane.com/lifeline/images/linked-in.jpg]
[html.webinane.com/lifeline/images/pinterest.jpg]
[html.webinane.com/lifeline/index.html]
[html.webinane.com/lifeline/fonts/glyphicons-halflings-regular.eot]
[html.webinane.com/lifeline/fonts/glyphicons-halflings-regulard41d.eot]
[html.webinane.com/lifeline/fonts/glyphicons-halflings-regular.woff]
[html.webinane.com/lifeline/fonts/glyphicons-halflings-regular.ttf]
[html.webinane.com/lifeline/fonts/glyphicons-halflings-regular.svg]
[html.webinane.com/lifeline/css/bootstrap.css]
[html.webinane.com/lifeline/images/signs.png]
[html.webinane.com/lifeline/font-awesome/font/fontawesome-webfontf77b.eot]
[html.webinane.com/lifeline/font-awesome/font/fontawesome-webfontd41d.eot]
[html.webinane.com/lifeline/font-awesome/font/fontawesome-webfontf77b.woff]
[html.webinane.com/lifeline/font-awesome/font/fontawesome-webfontf77b.ttf]
[html.webinane.com/lifeline/font-awesome/css/font-awesome.css]
[html.webinane.com/lifeline/font-awesome/font/fontawesome-webfont.svg]
[html.webinane.com/lifeline/fonts/fontawesome-webfont3295.eot]
[html.webinane.com/lifeline/fonts/fontawesome-webfontd41d.eot]
[html.webinane.com/lifeline/fonts/fontawesome-webfont3295.woff2]
[html.webinane.com/lifeline/fonts/fontawesome-webfont3295.woff]
[html.webinane.com/lifeline/fonts/fontawesome-webfont3295.ttf]
[html.webinane.com/lifeline/css/icons.css]
[html.webinane.com/lifeline/fonts/fontawesome-webfont3295.svg]
[html.webinane.com/lifeline/images/search-icon.png]
[html.webinane.com/lifeline/images/logo-border.png]
[html.webinane.com/lifeline/images/map-bg.png]
[html.webinane.com/lifeline/images/sprite.png]
[html.webinane.com/lifeline/images/link-arrow.png]
[html.webinane.com/lifeline/images/carousel-arrows.png]
[html.webinane.com/lifeline/images/carousel-arrows2.png]
[html.webinane.com/lifeline/images/footer-bg.png]
[html.webinane.com/lifeline/images/gallery-hover.png]
[html.webinane.com/lifeline/images/search.png]
[html.webinane.com/lifeline/images/video.png]
[html.webinane.com/lifeline/images/hexagon-gray.png]
[html.webinane.com/lifeline/images/diamond-narrow.jpg]
[html.webinane.com/lifeline/images/zoom-icon.png]
[html.webinane.com/lifeline/images/pattern.jpg]
[html.webinane.com/lifeline/images/social-icons.png]
[html.webinane.com/lifeline/images/social-gray.png]
[html.webinane.com/lifeline/images/select-box-btn.jpg]
[html.webinane.com/lifeline/images/list-arrow.png]
[html.webinane.com/lifeline/images/slider1-img.png]
[html.webinane.com/lifeline/images/slider1-img3.png]
[html.webinane.com/lifeline/images/panel-bg.jpg]
[html.webinane.com/lifeline/images/panel-icon.png]
[html.webinane.com/lifeline/images/boxed-bg1.jpg]
[html.webinane.com/lifeline/images/boxed-bg2.jpg]
[html.webinane.com/lifeline/images/boxed-bg3.jpg]
[html.webinane.com/lifeline/images/boxed-bg4.jpg]
[html.webinane.com/lifeline/images/pattern4.jpg]
[html.webinane.com/lifeline/images/shadow.png]
[html.webinane.com/lifeline/images/full-wide-projects.jpg]
[html.webinane.com/lifeline/images/pattern5.jpg]
[html.webinane.com/lifeline/images/hexagon-sea-green.png]
[html.webinane.com/lifeline/images/list-arrow-sea-green.png]
[html.webinane.com/lifeline/css/style.css]
[html.webinane.com/lifeline/css/responsive.css]
[html.webinane.com/lifeline/images/link-arrow-sea-green.png]
[html.webinane.com/lifeline/layerslider/css/blank.gif]
[html.webinane.com/lifeline/layerslider/css/layerslider.css]
[html.webinane.com/lifeline/css/sea-green.css]
[html.webinane.com/lifeline/images/hexagon-brown.png]
